[2026-03-09 16:21:58] ERROR: Invalid User ID
[2026-03-09 16:22:07] ERROR: Invalid User ID
[2026-03-09 16:22:08] ERROR: User not found
[2026-03-09 16:22:13] ERROR: User not found
[2026-03-09 16:22:16] ERROR: User not found
[2026-03-09 16:54:49] INFO: GET /users/2
[2026-03-09 16:54:50] INFO: GET /users/2
[2026-03-09 16:54:57] INFO: GET /users/1
[2026-03-09 16:54:59] INFO: GET /users/7
[2026-03-09 16:54:59] ERROR: User not found
[2026-03-09 16:55:03] INFO: GET /users/0
[2026-03-09 16:55:03] ERROR: Invalid User ID
[2026-03-09 17:06:09] INFO: GET /users/1
[2026-03-09 17:06:57] INFO: GET /users/1
[2026-03-09 17:08:16] INFO: GET /users/1
[2026-03-09 17:08:16] ERROR: Cannot use object of type stdClass as array
[2026-03-09 17:08:41] INFO: GET /users/1
[2026-03-09 17:08:41] ERROR: Cannot use object of type stdClass as array
[2026-03-09 17:09:42] INFO: GET /users/1
[2026-03-09 17:09:42] ERROR: Array to string conversion
[2026-03-09 17:09:42] ERROR: http_response_code(): Cannot set response code - headers already sent (output started at /var/www/app/Repositories/UserRepository.php:9)
[2026-03-09 17:09:56] INFO: GET /users/1
[2026-03-09 17:09:56] ERROR: Array to string conversion
[2026-03-09 17:09:56] ERROR: http_response_code(): Cannot set response code - headers already sent (output started at /var/www/app/Repositories/UserRepository.php:9)
[2026-03-09 17:10:14] INFO: GET /users/1
[2026-03-09 17:10:14] ERROR: Array to string conversion
[2026-03-09 17:10:14] ERROR: http_response_code(): Cannot set response code - headers already sent (output started at /var/www/app/Repositories/UserRepository.php:9)
[2026-03-09 17:10:14] INFO: GET /users/1
[2026-03-09 17:10:14] ERROR: Array to string conversion
[2026-03-09 17:10:14] ERROR: http_response_code(): Cannot set response code - headers already sent (output started at /var/www/app/Repositories/UserRepository.php:9)
[2026-03-09 17:10:55] INFO: GET /users/1
[2026-03-09 17:10:55] ERROR: Array to string conversion
[2026-03-09 17:10:55] ERROR: http_response_code(): Cannot set response code - headers already sent (output started at /var/www/app/Repositories/UserRepository.php:9)
[2026-03-09 17:10:55] INFO: GET /users/1
[2026-03-09 17:10:55] ERROR: Array to string conversion
[2026-03-09 17:10:55] ERROR: http_response_code(): Cannot set response code - headers already sent (output started at /var/www/app/Repositories/UserRepository.php:9)
[2026-03-09 17:11:09] INFO: GET /users/1
[2026-03-09 17:11:09] ERROR: Undefined variable $users
[2026-03-09 17:11:09] ERROR: http_response_code(): Cannot set response code - headers already sent (output started at /var/www/app/Repositories/UserRepository.php:9)
[2026-03-09 17:11:57] INFO: GET /users/1
[2026-03-09 17:11:57] ERROR: foreach() argument must be of type array|object, null given
[2026-03-09 17:12:08] INFO: GET /users/1
[2026-03-09 17:12:08] ERROR: User not found
[2026-03-09 17:16:29] ERROR: syntax error, unexpected variable "$id", expecting ")"
[2026-03-09 17:16:58] INFO: GET /users/1
[2026-03-09 17:16:58] ERROR: User not found
[2026-03-09 17:22:19] INFO: GET /users/1
[2026-03-09 17:22:19] ERROR: User not found
[2026-03-09 17:22:20] INFO: POST /users
[2026-03-09 17:24:07] INFO: POST /users
[2026-03-09 17:24:07] ERROR: Path cannot be empty
[2026-03-09 17:24:27] INFO: POST /users
[2026-03-09 17:24:49] INFO: POST /users
[2026-03-09 17:24:49] INFO: POST /users
[2026-03-09 17:24:49] INFO: POST /users
[2026-03-09 17:24:50] INFO: POST /users
[2026-03-09 17:24:54] INFO: GET /users/0
[2026-03-09 17:24:54] ERROR: Invalid User ID
[2026-03-09 17:24:56] INFO: GET /users/1
[2026-03-09 17:24:56] ERROR: Undefined array key "id"
[2026-03-09 17:25:03] INFO: GET /users/2
[2026-03-09 17:25:03] ERROR: Undefined array key "id"
[2026-03-09 17:25:11] INFO: GET /users/3
[2026-03-09 17:25:11] ERROR: Undefined array key "id"
[2026-03-09 17:25:13] INFO: GET /users/5
[2026-03-09 17:25:13] ERROR: Undefined array key "id"
[2026-03-09 17:25:42] INFO: GET /users/5
[2026-03-09 17:25:42] ERROR: Undefined array key "id"
[2026-03-09 17:25:43] INFO: GET /users/5
[2026-03-09 17:25:43] ERROR: Undefined array key "id"
[2026-03-09 17:25:45] INFO: GET /users/5
[2026-03-09 17:25:45] ERROR: Undefined array key "id"
[2026-03-09 17:25:57] INFO: GET /users/5
[2026-03-09 17:25:57] ERROR: User not found
[2026-03-09 17:26:24] INFO: POST /users
[2026-03-09 17:26:24] ERROR: http_response_code(): Cannot set response code - headers already sent (output started at /var/www/app/Http/Controllers/UserController.php:24)
[2026-03-09 17:26:36] INFO: POST /users
[2026-03-09 17:26:36] ERROR: http_response_code(): Cannot set response code - headers already sent (output started at /var/www/app/Http/Controllers/UserController.php:24)
[2026-03-09 17:27:16] INFO: POST /users
[2026-03-09 17:27:16] ERROR: Undefined variable $POST
[2026-03-09 17:27:22] INFO: POST /users
[2026-03-09 17:27:22] ERROR: http_response_code(): Cannot set response code - headers already sent (output started at /var/www/app/Http/Controllers/UserController.php:24)
[2026-03-09 17:27:53] INFO: POST /users
[2026-03-09 17:27:53] ERROR: http_response_code(): Cannot set response code - headers already sent (output started at /var/www/app/Http/Controllers/UserController.php:24)
[2026-03-09 17:27:57] INFO: POST /users
[2026-03-09 17:27:57] ERROR: http_response_code(): Cannot set response code - headers already sent (output started at /var/www/app/Http/Controllers/UserController.php:24)
[2026-03-09 17:28:10] INFO: POST /users
[2026-03-09 17:28:10] ERROR: http_response_code(): Cannot set response code - headers already sent (output started at /var/www/app/Http/Controllers/UserController.php:24)
[2026-03-09 17:28:13] INFO: POST /users
[2026-03-09 17:28:13] ERROR: http_response_code(): Cannot set response code - headers already sent (output started at /var/www/app/Http/Controllers/UserController.php:24)
[2026-03-09 17:28:20] INFO: POST /users
[2026-03-09 17:28:20] ERROR: Undefined variable $HTTP_RAW_POST_DATA
[2026-03-09 17:29:31] INFO: POST /users
[2026-03-09 17:29:31] ERROR: Undefined variable $HTTP_RAW_POST_DATA
[2026-03-09 17:29:32] INFO: POST /users
[2026-03-09 17:29:32] ERROR: Undefined variable $HTTP_RAW_POST_DATA
[2026-03-09 17:29:35] INFO: POST /users
[2026-03-09 17:29:35] ERROR: http_response_code(): Cannot set response code - headers already sent (output started at /var/www/app/Http/Controllers/UserController.php:24)
[2026-03-09 17:29:42] INFO: POST /users
[2026-03-09 17:29:42] ERROR: http_response_code(): Cannot set response code - headers already sent (output started at /var/www/app/Http/Controllers/UserController.php:24)
[2026-03-09 17:30:09] INFO: POST /users
[2026-03-09 17:30:09] ERROR: http_response_code(): Cannot set response code - headers already sent (output started at /var/www/app/Http/Controllers/UserController.php:24)
[2026-03-09 17:40:49] INFO: POST /users
[2026-03-09 17:40:49] ERROR: http_response_code(): Cannot set response code - headers already sent (output started at /var/www/app/Http/Controllers/UserController.php:24)
[2026-03-09 17:41:28] INFO: POST /users
[2026-03-09 17:41:40] INFO: POST /users
[2026-03-09 17:41:46] INFO: POST /users
[2026-03-09 17:41:56] ERROR: Cannot assign null to property App\Core\Request::$body of type array
[2026-03-09 17:42:19] INFO: GET /users/1
[2026-03-09 17:42:21] INFO: GET /users/2
[2026-03-09 17:42:25] INFO: GET /users/3
[2026-03-09 17:42:25] ERROR: User not found
[2026-03-09 17:42:36] INFO: POST /users
[2026-03-09 17:45:14] INFO: GET /users/3
[2026-03-09 17:45:21] INFO: GET /users/4
[2026-03-09 17:45:21] ERROR: User not found
[2026-03-09 17:45:25] INFO: POST /users
